// Jest Snapshot v1, https://goo.gl/fbAQLP

exports[`getUser(id: String!): User returns a user when user exist 1`] = `
Object {
  "data": Object {
    "getUser": Object {
      "id": "5e4e555cbf31ef2588e22124",
      "role": "USER",
      "username": "awesomeuser",
    },
  },
}
`;
